// Jest Snapshot v1, https://goo.gl/fbAQLP

exports[`Info component should renders 1`] = `undefined`;
